// Jest Snapshot v1, https://goo.gl/fbAQLP

exports[`<LoadingSpinner /> renders correctly 1`] = `
<View
  style={
    Object {
      "backgroundColor": "white",
      "flex": 1,
      "justifyContent": "center",
    }
  }
>
  <ActivityIndicator
    animating={true}
    color="#872232"
    hidesWhenStopped={true}
    size="large"
  />
</View>
`;
