// Jest Snapshot v1, https://goo.gl/fbAQLP

exports[`<Text /> renders correctly 1`] = `
<Text
  style={
    Object {
      "color": "#333333",
      "fontFamily": "sans",
    }
  }
/>
`;
