// Jest Snapshot v1, https://goo.gl/fbAQLP

exports[`<LegalList /> renders correctly 1`] = `
<RCTScrollView
  data={
    Array [
      Object {
        "id": 1,
        "name": "Impressum",
      },
      Object {
        "id": 2,
        "name": "Datenschutz",
      },
    ]
  }
  disableVirtualization={false}
  getItem={[Function]}
  getItemCount={[Function]}
  horizontal={false}
  initialNumToRender={10}
  keyExtractor={[Function]}
  maxToRenderPerBatch={10}
  onContentSizeChange={[Function]}
  onEndReachedThreshold={2}
  onLayout={[Function]}
  onMomentumScrollEnd={[Function]}
  onScroll={[Function]}
  onScrollBeginDrag={[Function]}
  onScrollEndDrag={[Function]}
  removeClippedSubviews={false}
  renderItem={[Function]}
  scrollEventThrottle={50}
  stickyHeaderIndices={Array []}
  style={
    Object {
      "paddingTop": 15,
    }
  }
  updateCellsBatchingPeriod={50}
  viewabilityConfigCallbackPairs={Array []}
  windowSize={21}
>
  <View>
    <View
      onLayout={[Function]}
      style={null}
    >
      <View
        accessible={true}
        focusable={true}
        onClick={[Function]}
        onResponderGrant={[Function]}
        onResponderMove={[Function]}
        onResponderRelease={[Function]}
        onResponderTerminate={[Function]}
        onResponderTerminationRequest={[Function]}
        onStartShouldSetResponder={[Function]}
        style={
          Object {
            "opacity": 1,
          }
        }
        testID="link"
      >
        <View
          style={
            Object {
              "borderBottomColor": "#dfe3e8",
              "borderBottomWidth": 1,
              "flexDirection": "row",
              "justifyContent": "space-between",
              "paddingHorizontal": 15,
              "paddingVertical": 10,
            }
          }
        >
          <Text
            style={
              Object {
                "color": "#333333",
                "fontFamily": "sans",
              }
            }
          >
            Impressum
          </Text>
          <Text />
        </View>
      </View>
    </View>
    <View
      onLayout={[Function]}
      style={null}
    >
      <View
        accessible={true}
        focusable={true}
        onClick={[Function]}
        onResponderGrant={[Function]}
        onResponderMove={[Function]}
        onResponderRelease={[Function]}
        onResponderTerminate={[Function]}
        onResponderTerminationRequest={[Function]}
        onStartShouldSetResponder={[Function]}
        style={
          Object {
            "opacity": 1,
          }
        }
        testID="link"
      >
        <View
          style={
            Object {
              "borderBottomColor": "#dfe3e8",
              "borderBottomWidth": 1,
              "flexDirection": "row",
              "justifyContent": "space-between",
              "paddingHorizontal": 15,
              "paddingVertical": 10,
            }
          }
        >
          <Text
            style={
              Object {
                "color": "#333333",
                "fontFamily": "sans",
              }
            }
          >
            Datenschutz
          </Text>
          <Text />
        </View>
      </View>
    </View>
  </View>
</RCTScrollView>
`;
