// Jest Snapshot v1, https://goo.gl/fbAQLP

exports[`<LinkList /> renders correctly 1`] = `
<RCTScrollView
  data={
    Array [
      Object {
        "_links": Object {
          "about": Array [
            Object {
              "href": "https://www.convention-net.de/wp-json/wp/v2/taxonomies/category",
            },
          ],
          "collection": Array [
            Object {
              "href": "https://www.convention-net.de/wp-json/wp/v2/categories",
            },
          ],
          "curies": Array [
            Object {
              "href": "https://api.w.org/{rel}",
              "name": "wp",
              "templated": true,
            },
          ],
          "self": Array [
            Object {
              "href": "https://www.convention-net.de/wp-json/wp/v2/categories/1",
            },
          ],
          "wp:post_type": Array [
            Object {
              "href": "https://www.convention-net.de/wp-json/wp/v2/posts?categories=1",
            },
          ],
        },
        "acf": Array [],
        "count": 2257,
        "description": "",
        "id": 1,
        "link": "https://www.convention-net.de/news/",
        "meta": Array [],
        "name": "News",
        "parent": 0,
        "slug": "news",
        "taxonomy": "category",
      },
    ]
  }
  disableVirtualization={false}
  getItem={[Function]}
  getItemCount={[Function]}
  horizontal={false}
  initialNumToRender={10}
  keyExtractor={[Function]}
  maxToRenderPerBatch={10}
  onContentSizeChange={[Function]}
  onEndReachedThreshold={2}
  onLayout={[Function]}
  onMomentumScrollEnd={[Function]}
  onScroll={[Function]}
  onScrollBeginDrag={[Function]}
  onScrollEndDrag={[Function]}
  removeClippedSubviews={false}
  renderItem={[Function]}
  scrollEventThrottle={50}
  stickyHeaderIndices={Array []}
  style={
    Object {
      "paddingTop": 15,
    }
  }
  updateCellsBatchingPeriod={50}
  viewabilityConfigCallbackPairs={Array []}
  windowSize={21}
>
  <View>
    <View
      onLayout={[Function]}
      style={null}
    >
      <View
        accessible={true}
        focusable={true}
        onClick={[Function]}
        onResponderGrant={[Function]}
        onResponderMove={[Function]}
        onResponderRelease={[Function]}
        onResponderTerminate={[Function]}
        onResponderTerminationRequest={[Function]}
        onStartShouldSetResponder={[Function]}
        style={
          Object {
            "opacity": 1,
          }
        }
        testID="link"
      >
        <View
          style={
            Object {
              "borderBottomColor": "#dfe3e8",
              "borderBottomWidth": 1,
              "flexDirection": "row",
              "justifyContent": "space-between",
              "paddingHorizontal": 15,
              "paddingVertical": 10,
            }
          }
        >
          <Text
            style={
              Object {
                "color": "#333333",
                "fontFamily": "sans",
              }
            }
          >
            News
          </Text>
          <Text />
        </View>
      </View>
    </View>
  </View>
</RCTScrollView>
`;
