// Jest Snapshot v1, https://goo.gl/fbAQLP

exports[`<ArticleList /> renders correctly 1`] = `
<RCTScrollView
  data={
    Array [
      Object {
        "_embedded": Object {
          "author": Array [
            Object {
              "code": "rest_user_invalid_id",
              "data": Object {
                "status": 404,
              },
              "message": "UngÃ¼ltige Benutzer-ID.",
            },
          ],
          "wp:featuredmedia": Array [
            Object {
              "_links": Object {
                "about": Array [
                  Object {
                    "href": "https://www.convention-net.de/wp-json/wp/v2/types/attachment",
                  },
                ],
                "author": Array [
                  Object {
                    "embeddable": true,
                    "href": "https://www.convention-net.de/wp-json/wp/v2/users/4",
                  },
                ],
                "collection": Array [
                  Object {
                    "href": "https://www.convention-net.de/wp-json/wp/v2/media",
                  },
                ],
                "replies": Array [
                  Object {
                    "embeddable": true,
                    "href": "https://www.convention-net.de/wp-json/wp/v2/comments?post=18325",
                  },
                ],
                "self": Array [
                  Object {
                    "href": "https://www.convention-net.de/wp-json/wp/v2/media/18325",
                  },
                ],
              },
              "acf": Array [],
              "alt_text": "Corona",
              "author": 4,
              "caption": Object {
                "rendered": "",
              },
              "date": "2020-10-30T14:52:43",
              "id": 18325,
              "link": "https://www.convention-net.de/neue-degefest-trendanalyse-restart-aus-der-corona-krise/trendanalyse-restart2020_21-w800-h600-2/",
              "media_details": Object {
                "file": "2020/10/Trendanalyse-Restart2020_21-w800-h600-1.jpg",
                "height": 354,
                "image_meta": Object {
                  "aperture": "0",
                  "camera": "",
                  "caption": "",
                  "copyright": "",
                  "created_timestamp": "0",
                  "credit": "",
                  "focal_length": "0",
                  "iso": "0",
                  "keywords": Array [],
                  "orientation": "0",
                  "shutter_speed": "0",
                  "title": "",
                },
                "sizes": Object {
                  "full": Object {
                    "file": "Trendanalyse-Restart2020_21-w800-h600-1.jpg",
                    "height": 354,
                    "mime_type": "image/jpeg",
                    "source_url": "https://www.convention-net.de/wp-content/uploads/2020/10/Trendanalyse-Restart2020_21-w800-h600-1.jpg",
                    "width": 425,
                  },
                  "slider": Object {
                    "file": "Trendanalyse-Restart2020_21-w800-h600-1-425x330.jpg",
                    "height": 330,
                    "mime_type": "image/jpeg",
                    "source_url": "https://www.convention-net.de/wp-content/uploads/2020/10/Trendanalyse-Restart2020_21-w800-h600-1-425x330.jpg",
                    "width": 425,
                  },
                  "thumbnail": Object {
                    "file": "Trendanalyse-Restart2020_21-w800-h600-1-300x300.jpg",
                    "height": 300,
                    "mime_type": "image/jpeg",
                    "source_url": "https://www.convention-net.de/wp-content/uploads/2020/10/Trendanalyse-Restart2020_21-w800-h600-1-300x300.jpg",
                    "width": 300,
                  },
                  "tie-large": Object {
                    "file": "Trendanalyse-Restart2020_21-w800-h600-1-310x205.jpg",
                    "height": 205,
                    "mime_type": "image/jpeg",
                    "source_url": "https://www.convention-net.de/wp-content/uploads/2020/10/Trendanalyse-Restart2020_21-w800-h600-1-310x205.jpg",
                    "width": 310,
                  },
                  "tie-medium": Object {
                    "file": "Trendanalyse-Restart2020_21-w800-h600-1-310x165.jpg",
                    "height": 165,
                    "mime_type": "image/jpeg",
                    "source_url": "https://www.convention-net.de/wp-content/uploads/2020/10/Trendanalyse-Restart2020_21-w800-h600-1-310x165.jpg",
                    "width": 310,
                  },
                  "tie-small": Object {
                    "file": "Trendanalyse-Restart2020_21-w800-h600-1-110x75.jpg",
                    "height": 75,
                    "mime_type": "image/jpeg",
                    "source_url": "https://www.convention-net.de/wp-content/uploads/2020/10/Trendanalyse-Restart2020_21-w800-h600-1-110x75.jpg",
                    "width": 110,
                  },
                },
                "width": 425,
              },
              "media_type": "image",
              "mime_type": "image/jpeg",
              "slug": "trendanalyse-restart2020_21-w800-h600-2",
              "source_url": "https://www.convention-net.de/wp-content/uploads/2020/10/Trendanalyse-Restart2020_21-w800-h600-1.jpg",
              "title": Object {
                "rendered": "Trendanalyse Restart2020_21-w800-h600",
              },
              "type": "attachment",
            },
          ],
          "wp:term": Array [
            Array [
              Object {
                "_links": Object {
                  "about": Array [
                    Object {
                      "href": "https://www.convention-net.de/wp-json/wp/v2/taxonomies/category",
                    },
                  ],
                  "collection": Array [
                    Object {
                      "href": "https://www.convention-net.de/wp-json/wp/v2/categories",
                    },
                  ],
                  "curies": Array [
                    Object {
                      "href": "https://api.w.org/{rel}",
                      "name": "wp",
                      "templated": true,
                    },
                  ],
                  "self": Array [
                    Object {
                      "href": "https://www.convention-net.de/wp-json/wp/v2/categories/358",
                    },
                  ],
                  "wp:post_type": Array [
                    Object {
                      "href": "https://www.convention-net.de/wp-json/wp/v2/posts?categories=358",
                    },
                  ],
                },
                "acf": Array [],
                "id": 358,
                "link": "https://www.convention-net.de/branche/",
                "name": "Branche",
                "slug": "branche",
                "taxonomy": "category",
              },
              Object {
                "_links": Object {
                  "about": Array [
                    Object {
                      "href": "https://www.convention-net.de/wp-json/wp/v2/taxonomies/category",
                    },
                  ],
                  "collection": Array [
                    Object {
                      "href": "https://www.convention-net.de/wp-json/wp/v2/categories",
                    },
                  ],
                  "curies": Array [
                    Object {
                      "href": "https://api.w.org/{rel}",
                      "name": "wp",
                      "templated": true,
                    },
                  ],
                  "self": Array [
                    Object {
                      "href": "https://www.convention-net.de/wp-json/wp/v2/categories/1",
                    },
                  ],
                  "wp:post_type": Array [
                    Object {
                      "href": "https://www.convention-net.de/wp-json/wp/v2/posts?categories=1",
                    },
                  ],
                },
                "acf": Array [],
                "id": 1,
                "link": "https://www.convention-net.de/news/",
                "name": "News",
                "slug": "news",
                "taxonomy": "category",
              },
            ],
            Array [],
          ],
        },
        "_links": Object {
          "about": Array [
            Object {
              "href": "https://www.convention-net.de/wp-json/wp/v2/types/post",
            },
          ],
          "author": Array [
            Object {
              "embeddable": true,
              "href": "https://www.convention-net.de/wp-json/wp/v2/users/4",
            },
          ],
          "collection": Array [
            Object {
              "href": "https://www.convention-net.de/wp-json/wp/v2/posts",
            },
          ],
          "curies": Array [
            Object {
              "href": "https://api.w.org/{rel}",
              "name": "wp",
              "templated": true,
            },
          ],
          "predecessor-version": Array [
            Object {
              "href": "https://www.convention-net.de/wp-json/wp/v2/posts/18323/revisions/18326",
              "id": 18326,
            },
          ],
          "replies": Array [
            Object {
              "embeddable": true,
              "href": "https://www.convention-net.de/wp-json/wp/v2/comments?post=18323",
            },
          ],
          "self": Array [
            Object {
              "href": "https://www.convention-net.de/wp-json/wp/v2/posts/18323",
            },
          ],
          "version-history": Array [
            Object {
              "count": 1,
              "href": "https://www.convention-net.de/wp-json/wp/v2/posts/18323/revisions",
            },
          ],
          "wp:attachment": Array [
            Object {
              "href": "https://www.convention-net.de/wp-json/wp/v2/media?parent=18323",
            },
          ],
          "wp:featuredmedia": Array [
            Object {
              "embeddable": true,
              "href": "https://www.convention-net.de/wp-json/wp/v2/media/18325",
            },
          ],
          "wp:term": Array [
            Object {
              "embeddable": true,
              "href": "https://www.convention-net.de/wp-json/wp/v2/categories?post=18323",
              "taxonomy": "category",
            },
            Object {
              "embeddable": true,
              "href": "https://www.convention-net.de/wp-json/wp/v2/tags?post=18323",
              "taxonomy": "post_tag",
            },
          ],
        },
        "acf": Object {
          "featured_slider": false,
          "news_slider": false,
          "should_push": false,
          "sponsored_by": "",
        },
        "author": 4,
        "categories": Array [
          358,
          1,
        ],
        "comment_status": "closed",
        "content": Object {
          "protected": false,
          "rendered": "<p>Der Veranstaltungsmarkt erlebt seit ca. 30 Jahren einen Boom. Dann kam âCoronaâ: Die Covid19-Pandemie hat das gesamte Leben weltweit auf den Kopf gestellt. Eine der ganz besonders betroffenen Branchen ist die Veranstaltungswirtschaft. Zu den Auswirkungen der Pandemie hat der <a href=\\"http://www.degefest.de\\">degefest</a> Verband der Kongress- und Seminarwirtschaft e.V. eine aktuelle Studie initiiert und Mitglieder aus den eigenen Reihen, die VeranstaltungshÃ¤user leiten, befragt. Erstellt wurde die Studie âdegefest TrendAnalyse â Restart 2020/21: Via Best Practice aus der Kriseâ durch Prof. Dr. Jerzy Jaworski von der FakultÃ¤t fÃ¼r International Business an der Hochschule Heilbronn.</p>
<p><img class=\\"alignleft wp-image-18324 size-medium\\" src=\\"https://www.convention-net.de/wp-content/uploads/2020/10/Trendanalyse-Restart2020_21-w800-h600-425x600.jpg\\" alt=\\"Corona\\" width=\\"425\\" height=\\"600\\" />Die im degefest Verband organisierten TagungsstÃ¤tten â das sind Kongress- und Veranstaltungszentren, Bildungszentren sowie HÃ¤user der Tagungshotellerie â stellen rund 85 Prozent der Mitglieder. Deren Umgang mit bzw. Erfahrungen aus der Pandemie sowie die EinschÃ¤tzungen zur Zukunft stehen im Fokus der Studie. Ganz oben rangiert hierbei die Frage, wie Kunden fÃ¼r die PrÃ¤senzveranstaltung vor Ort gewonnen werden kÃ¶nnen, wenn im Zuge der Pandemie reine Online-Veranstaltungen das originÃ¤re KerngeschÃ¤ft der VeranstaltungshÃ¤user bedrohen. Die gute Nachricht: Es gibt MÃ¶glichkeiten. Rund zwei Drittel der Befragten (66,7%) sehen diese besonders im Bereich neuer Veranstaltungsformate und hierbei vor allem bei partizipativen Formaten und Hybridveranstaltungen gegeben. Rund ein Drittel (33,9%) setzen auf verstÃ¤rkte AkquisitionsbemÃ¼hungen. Bei einem Viertel (25,9%) dominiert der Optimismus, dass PrÃ¤senzveranstaltungen âschon baldâ wieder zunehmen werden â sei es aus sozialen GrÃ¼nden oder dass geschlossene Veranstaltungen hinzukÃ¤men.</p>
<p><strong>Die Chance liegt in der Differenzierung</strong></p>
<p>Eine groÃe Mehrheit der Antworten (70,4% bzw. 38 von 54) geht davon aus, dass das Veranstaltungsangebot in Zukunft differenzierter gestaltet werden muss. Differenzierungsmerkmale seien etwa das wirtschaftliche Potential von Kunden, Hygienekonzepte oder auch die stÃ¤rkere Konzentrierung auf lokale Firmen und VerbÃ¤nde. Als Dienstleistungen wÃ¼rden die technische Ãbertragung in mehrere RÃ¤ume (Streaming) sowie Reinigungs- und Sicherheitsdienste die grÃ¶Ãte Zunahme erfahren. Jeder Dritte merkt allerdings an, dass die Kunden fÃ¼r erhÃ¶hten Hygieneaufwand keine hÃ¶heren Rechnungen bezahlen wollten â dies kostet also Geld. Auch im Bereich der Gastronomie entstehen groÃe</p>
<p>Herausforderungen â sind die gastronomischen ErlÃ¶se doch ein wichtiger wirtschaftlicher Beitragsfaktor im Veranstaltungshaus. Portioniertes Essen, mehr Platzbedarf/Abstand und weniger ExklusivitÃ¤t werden als mÃ¶gliche nachhaltige VerÃ¤nderungen genannt. AuÃerdem das Aus fÃ¼r groÃe Bankettveranstaltungen; Buffets und Selbstbedienung werden in Frage gestellt. Schrumpfen wird dem zufolge auch die Nachfrage nach Rahmen- und Begleitprogrammen, Teambuilding- und Incentive-Angeboten sowie Barbetrieb â also das, wo Abstand halten schwierig ist.</p>
<p><strong>Hybride Veranstaltungen im Gesamturteil</strong></p>
<p>Dennoch lebt die Branche vom persÃ¶nlichen Sich-Treffen auf PrÃ¤senzveranstaltungen, auf die der Betrieb von Tagungs- und VeranstaltungsstÃ¤tten ja wirtschaftlich ausgerichtet ist. Als Alternative bieten sich hybride Tools an. Wie wird die Veranstaltungswirtschaft kÃ¼nftig damit umgehen? Die Befragten der degefest-Studie haben etliche positive, aber auch negative Auswirkungen aufgrund der vermehrten Anzahl der hybriden Veranstaltungen erkannt. Positiv etwa seien: Die Erweiterung der Teilnehmerkreise Ã¼ber die Raum- bzw. BestuhlungskapazitÃ¤ten hinaus, die Generierung weiterer UmsÃ¤tze durch das Anbieten von zusÃ¤tzlichen IT-Leistungen, schnellere Amortisierung von Investitionen in die Kommunikationstechnik, Veranstaltungen die u.U. abgesagt werden mÃ¼ssen, kÃ¶nnen doch â zumindest online â stattfinden, dadurch niedrigere Personal- und Reinigungskosten, sowie die IntensivierungÂ  der (Stamm)Kundenkontakte. AuÃerdem lassen sich bestimmte Formate wie z.B. Hauptversammlungen nach aktuellem Recht weiterhin hybrid realisieren. Auch die Raumbelegung gestaltet sich in der Terminierung nun flexibler.</p>
<p>Dem stehen Umsatzverluste im VermietgeschÃ¤ft durch geringere Teilnehmerzahlen mit parallelem RÃ¼ckgang der Einnahmen im F&amp;B-Bereich gegenÃ¼ber. Umgekehrt erhÃ¶ht sich der finanzielle und technische Aufwand erheblich, da neue ProzessablÃ¤ufe erst gelernt werden mÃ¼ssen (etwa durch Mitarbeiterschulungen) sowie hohe Investitions- und Betreuungskosten in der IT- Technik entstehen. Aus dem besonderen Risiko des Technikversagen entsteht u.U. eine AbhÃ¤ngigkeit von externen Dienstleistern. Betriebswirtschaftliche Anspannung ergibt sich bei hybriden Veranstaltungen auch durch zusÃ¤tzliche Kosten, die auf Seiten der HÃ¤user notwendig, gegenÃ¼ber den Kunden aber schwer zu verkaufen sind. Bei einer VerdrÃ¤ngung der PrÃ¤senzveranstaltung drohen der Verlust der persÃ¶nlichen Kundenkontakte (Face to face), von ArbeitsplÃ¤tzen sowie im schlechtesten Fall gar der Existenzberechtigung des Veranstaltungshauses. Die Gefahr, dass hybride Veranstaltungen kÃ¼nftig von rein digitalen Formaten verdrÃ¤ngt werden, beantworten die Befragten mit leichter Tendenz, dass dies nicht der Fall sein wird. Ãber 18 Prozent (18,37%) glauben dagegen an eine Renaissance der physischen Begegnungen.</p>
<p><strong>Weitere Ergebnisse und Fazit</strong></p>
<p>Das liegt vermutlich auch daran, dass nur 16,3% der befragten Betreiber der VeranstaltungshÃ¤user angeben, dass ihre rein digitalen Veranstaltungen profitabel seien. Dennoch sehen viele die Notwendigkeit, dass ihr Haus in den Bereichen Technik, Internet-Ãbertragungsgeschwindigkeit und Fachwissen des Personals âaufrÃ¼stenâ muss, um wettbewerbsfÃ¤hig zu bleiben. Kunden werden im Hinblick auf den Hybrid-Tool-Einsatz oft noch als unerfahren angesehen, was einen intensiven Beratungs- und Betreuungsaufwand erfordert (48,1% der Antworten). Knapp 80 Prozent der Befragten melden einen starken RÃ¼ckgang der Buchungen im 4. Quartal 2020 gegenÃ¼ber dem Vergleichsquartal in 2019. Dennoch habe sich die Situation insgesamt noch nicht signifikant negativ auf die Personalpolitik ausgewirkt â wohl ein Indiz dafÃ¼r, dass Hoffnung in die Zukunft des GeschÃ¤ftsfeldes besteht. Zu den erwarteten Auswirkungen der Covid19- Pandemie auf die Destination, in der sich das Veranstaltungshaus befindet, wird einhellig ein RÃ¼ckgang der âBusiness Travellerâ und damit der Nachfrage nach Gastronomie und Catering erwartet. Die AttraktivitÃ¤t der jeweiligen Destination bleibe jedoch davon unberÃ¼hrt, da die Pandemie von den Standorten nicht selbst verschuldet wurde.-</p>
<p><strong>Erhebungsmodus</strong></p>
<p>Die Daten zur Studie wurden im Rahmen einer Online-Befragung im Zeitraum Mitte Juli bis Mitte August 2020 erhoben. Befragt wurden GeschÃ¤ftsfÃ¼hrer oder Personen, die in leitenden Funktionen in deutschen VeranstaltungshÃ¤usern tÃ¤tig sind und zugleich auch Mitglieder des Verbands degefest sind. Allen ist gemeinsam, dass sie sich seit dem Ausbruch der Covid19-Pandemie tagtÃ¤glich mit dem Management diverser Veranstaltungen unter komplett verÃ¤nderten Bedingungen konfrontiert sehen. Die Mehrzahl der Antworten stammt aus VeranstaltungshÃ¤usern, die im Schnitt mehr als 200 Veranstaltungen jÃ¤hrlich durchfÃ¼hren, Ã¼ber 25 Mitarbeiter in Vollzeit beschÃ¤ftigen und deren Kunden vorwiegend aus Deutschland stammen. Mit fast vierzig (38,6%) Prozent RÃ¼cklaufquote im Rahmen der Befragung kann auf ein sehr hohes Interesse an der Thematik â d.h. BewÃ¤ltigung der wirtschaftlichen Folgen und unternommene LÃ¶sungsansÃ¤tze &#8211; geschlossen werden.</p>
<p>Prof. Dr. Jerzy Jaworski, der die Studie âdegefest TrendAnalyse â Restart 2020/21: Via Best Practice aus der Kriseâ erstellt hat, ist Mitglied im Wissenschaftlichen Beirat des degefest und vertritt seit 1990 an der Hochschule Heilbronn die Bereiche MICE Industrie und den damit verbundenen GeschÃ¤ftstourismus in Forschung und Lehre.</p>
<p>Die Studie steht degefest-Mitgliedern kostenlos zur VerfÃ¼gung und wird durch die GeschÃ¤ftsstelle verschickt. Weitere Interessierte kÃ¶nnen die Studie per Mail unter <a href=\\"mailto:info@degefest.de\\">info@degefest.de </a>anfragen.</p>
",
        },
        "date": "2020-10-30T14:53:24",
        "date_gmt": "2020-10-30T12:53:24",
        "excerpt": Object {
          "protected": false,
          "rendered": "<p>Der Veranstaltungsmarkt erlebt seit ca. 30 Jahren einen Boom. Dann kam âCoronaâ: Die Covid19-Pandemie hat das gesamte Leben weltweit auf den Kopf gestellt.</p>
",
        },
        "featured_media": 18325,
        "format": "standard",
        "guid": Object {
          "rendered": "https://www.convention-net.de/?p=18323",
        },
        "id": 18323,
        "link": "https://www.convention-net.de/neue-degefest-trendanalyse-restart-aus-der-corona-krise/",
        "meta": Array [],
        "modified": "2020-10-30T14:53:24",
        "modified_gmt": "2020-10-30T12:53:24",
        "ping_status": "closed",
        "slug": "neue-degefest-trendanalyse-restart-aus-der-corona-krise",
        "status": "publish",
        "sticky": false,
        "tags": Array [],
        "template": "",
        "title": Object {
          "rendered": "Neue degefest-TrendAnalyse: Restart aus der Corona-Krise",
        },
        "type": "post",
      },
    ]
  }
  disableVirtualization={false}
  getItem={[Function]}
  getItemCount={[Function]}
  horizontal={false}
  initialNumToRender={10}
  keyExtractor={[Function]}
  maxToRenderPerBatch={10}
  onContentSizeChange={[Function]}
  onEndReachedThreshold={2}
  onLayout={[Function]}
  onMomentumScrollEnd={[Function]}
  onScroll={[Function]}
  onScrollBeginDrag={[Function]}
  onScrollEndDrag={[Function]}
  removeClippedSubviews={false}
  renderItem={[Function]}
  scrollEventThrottle={50}
  stickyHeaderIndices={Array []}
  updateCellsBatchingPeriod={50}
  viewabilityConfigCallbackPairs={Array []}
  windowSize={21}
>
  <View>
    <View
      onLayout={[Function]}
      style={null}
    >
      <View
        style={
          Object {
            "alignItems": "center",
            "flexDirection": "row",
            "padding": 15,
          }
        }
      >
        <View
          style={
            Object {
              "borderRadius": 15,
              "height": 100,
              "justifyContent": "center",
              "width": 100,
            }
          }
        >
          <Image
            source={
              Object {
                "uri": "https://www.convention-net.de/wp-content/uploads/2020/10/Trendanalyse-Restart2020_21-w800-h600-1.jpg",
              }
            }
            style={
              Object {
                "borderRadius": 15,
                "flex": 1,
              }
            }
          />
        </View>
        <View
          style={
            Object {
              "alignItems": "flex-start",
              "paddingHorizontal": 15,
              "width": 620,
            }
          }
        >
          <View
            style={Object {}}
          >
            <Text
              allowFontScaling={true}
              selectable={false}
              style={
                Array [
                  Object {},
                  Object {},
                ]
              }
            >
              <Text
                allowFontScaling={true}
                style={
                  Object {
                    "color": "#333333",
                    "fontFamily": "sans",
                    "fontSize": 13,
                  }
                }
              >
                Neue degefest-TrendAnalyse: Restart aus der Corona-Krise
              </Text>
            </Text>
          </View>
          <View
            style={
              Object {
                "alignItems": "center",
                "flexDirection": "row",
                "paddingBottom": 10,
                "paddingTop": 5,
              }
            }
          >
            <Text />
            <Text
              style={
                Object {
                  "color": "#872232",
                  "fontFamily": "sans",
                  "fontSize": 10,
                  "marginLeft": 5,
                }
              }
            >
              30. Oktober 2020
            </Text>
          </View>
          <View
            accessible={true}
            focusable={true}
            onClick={[Function]}
            onResponderGrant={[Function]}
            onResponderMove={[Function]}
            onResponderRelease={[Function]}
            onResponderTerminate={[Function]}
            onResponderTerminationRequest={[Function]}
            onStartShouldSetResponder={[Function]}
            style={
              Object {
                "opacity": 1,
              }
            }
            testID="button"
          >
            <View
              style={
                Object {
                  "backgroundColor": "#872232",
                  "borderRadius": 4,
                  "paddingHorizontal": 15,
                  "paddingVertical": 2,
                }
              }
            >
              <Text
                style={
                  Object {
                    "color": "white",
                    "fontFamily": "sans-bold",
                    "fontSize": 12,
                    "textTransform": "uppercase",
                  }
                }
                testID="text-output"
              >
                Details
              </Text>
            </View>
          </View>
        </View>
      </View>
    </View>
  </View>
</RCTScrollView>
`;
