// Jest Snapshot v1, https://goo.gl/fbAQLP

exports[`<SettingsList /> renders correctly 1`] = `
<View
  style={
    Object {
      "flex": 1,
      "marginVertical": 10,
      "paddingHorizontal": 25,
    }
  }
>
  <View
    style={
      Object {
        "borderBottomColor": "#dfe3e8",
        "borderBottomWidth": 1,
        "flexDirection": "row",
        "justifyContent": "space-between",
        "marginRight": -8,
        "paddingHorizontal": 15,
        "paddingVertical": 5,
      }
    }
  >
    <Text
      style={
        Object {
          "color": "#333333",
          "fontFamily": "sans",
          "fontSize": 15,
          "lineHeight": 22.5,
        }
      }
    >
      Push Mitteilungen
    </Text>
    <View
      accessible={true}
      focusable={true}
      onClick={[Function]}
      onResponderGrant={[Function]}
      onResponderMove={[Function]}
      onResponderRelease={[Function]}
      onResponderTerminate={[Function]}
      onResponderTerminationRequest={[Function]}
      onStartShouldSetResponder={[Function]}
      style={
        Object {
          "opacity": 1,
        }
      }
      testID="switch-1"
    >
      <Text>
        false
      </Text>
    </View>
  </View>
</View>
`;
